[36mvite v5.4.21 [32mbuilding for production...[36m[39m
transforming...
[32mΓ£ô[39m 1852 modules transformed.
rendering chunks...
computing gzip size...
[2mdist/[22m[32mindex.html                 [39m[1m[2m  0.47 kB[22m[1m[22m[2m Γöé gzip:   0.31 kB[22m
[2mdist/[22m[35massets/index-eO1kuCl6.css  [39m[1m[2m 39.61 kB[22m[1m[22m[2m Γöé gzip:   7.06 kB[22m
[2mdist/[22m[36massets/index-BOYfXh7z.js   [39m[1m[2m433.14 kB[22m[1m[22m[2m Γöé gzip: 138.17 kB[22m
[32mΓ£ô built in 5.18s[39m
